<?xml version="1.0" encoding="UTF-8"?>
<TestRun id="7e5cd919-50f2-4078-b6af-22bbae0aac1d" name="Leezhm@LIZHM 2012-03-05 00:56:40" runUser="LIZHM\Leezhm" xmlns="http://microsoft.com/schemas/VisualStudio/TeamTest/2010">
  <TestSettings name="Local" id="8a3dc7a8-d390-48f2-a266-a1ccc21c06f3">
    <Description>These are default test settings for a local test run.</Description>
    <Deployment enabled="false" runDeploymentRoot="Leezhm_LIZHM 2012-03-05 00_56_40">
      <DeploymentItem filename="C:\Home\Developments\LeeProjects\UtSerials\Bank\Bank\bin\Debug\Bank.dll" />
    </Deployment>
    <Execution>
      <TestTypeSpecific />
      <AgentRule name="Execution Agents">
      </AgentRule>
    </Execution>
  </TestSettings>
  <Times creation="2012-03-05T00:56:40.2177734+08:00" queuing="2012-03-05T00:56:40.2832031+08:00" start="2012-03-05T00:56:40.2949219+08:00" finish="2012-03-05T00:56:40.5263672+08:00" />
  <ResultSummary outcome="Completed">
    <Counters total="1" executed="1" passed="1" error="0" failed="0" timeout="0" aborted="0" inconclusive="0" passedButRunAborted="0" notRunnable="0" notExecuted="0" disconnected="0" warning="0" completed="0" inProgress="0" pending="0" />
  </ResultSummary>
  <TestDefinitions>
    <UnitTest name="DebetTest" storage="c:\home\developments\leeprojects\utserials\bank\banktest\bin\debug\banktest.dll" id="3c790b13-858f-d582-76f8-c7363a7ab695">
      <Execution id="e67e2cd1-44bf-4df4-b428-ff3c9b0d28c3" />
      <TestMethod codeBase="C:/Home/Developments/LeeProjects/UtSerials/Bank/BankTest/bin/Debug/BankTest.DLL" adapterTypeName="Microsoft.VisualStudio.TestTools.TestTypes.Unit.UnitTestAdapter, Microsoft.VisualStudio.QualityTools.Tips.UnitTest.Adapter, Version=10.0.0.0, Culture=neutral, PublicKeyToken=b03f5f7f11d50a3a" className="BankTest.BankAccountTest, BankTest, Version=1.0.0.0, Culture=neutral, PublicKeyToken=null" name="DebetTest" />
    </UnitTest>
  </TestDefinitions>
  <TestLists>
    <TestList name="Results Not in a List" id="8c84fa94-04c1-424b-9868-57a2d4851a1d" />
    <TestList name="All Loaded Results" id="19431567-8539-422a-85d7-44ee4e166bda" />
  </TestLists>
  <TestEntries>
    <TestEntry testId="3c790b13-858f-d582-76f8-c7363a7ab695" executionId="e67e2cd1-44bf-4df4-b428-ff3c9b0d28c3" testListId="8c84fa94-04c1-424b-9868-57a2d4851a1d" />
  </TestEntries>
  <Results>
    <UnitTestResult executionId="e67e2cd1-44bf-4df4-b428-ff3c9b0d28c3" testId="3c790b13-858f-d582-76f8-c7363a7ab695" testName="DebetTest" computerName="LIZHM" duration="00:00:00.0182942" startTime="2012-03-05T00:56:40.2988281+08:00" endTime="2012-03-05T00:56:40.5126953+08:00" testType="13cdc9d9-ddb5-4fa4-a97d-d965ccfc6d4b" outcome="Passed" testListId="8c84fa94-04c1-424b-9868-57a2d4851a1d" relativeResultsDirectory="e67e2cd1-44bf-4df4-b428-ff3c9b0d28c3">
    </UnitTestResult>
  </Results>
</TestRun>