<?xml version="1.0" encoding="UTF-8"?>
<TestRun id="717fbf66-bbd4-4e8a-b8c7-6f17b307b948" name="Leezhm@LIZHM 2012-03-05 00:57:31" runUser="LIZHM\Leezhm" xmlns="http://microsoft.com/schemas/VisualStudio/TeamTest/2010">
  <TestSettings name="Local" id="8a3dc7a8-d390-48f2-a266-a1ccc21c06f3">
    <Description>These are default test settings for a local test run.</Description>
    <Deployment enabled="false" runDeploymentRoot="Leezhm_LIZHM 2012-03-05 00_57_31">
      <DeploymentItem filename="C:\Home\Developments\LeeProjects\UtSerials\Bank\Bank\bin\Debug\Bank.dll" />
    </Deployment>
    <Execution>
      <TestTypeSpecific />
      <AgentRule name="Execution Agents">
      </AgentRule>
    </Execution>
  </TestSettings>
  <Times creation="2012-03-05T00:57:31.3164063+08:00" queuing="2012-03-05T00:57:31.3486328+08:00" start="2012-03-05T00:57:31.3613281+08:00" finish="2012-03-05T00:57:31.5927734+08:00" />
  <ResultSummary outcome="Completed">
    <Counters total="2" executed="2" passed="2" error="0" failed="0" timeout="0" aborted="0" inconclusive="0" passedButRunAborted="0" notRunnable="0" notExecuted="0" disconnected="0" warning="0" completed="0" inProgress="0" pending="0" />
  </ResultSummary>
  <TestDefinitions>
    <UnitTest name="DebetTest" storage="c:\home\developments\leeprojects\utserials\bank\banktest\bin\debug\banktest.dll" id="3c790b13-858f-d582-76f8-c7363a7ab695">
      <Execution id="a87fe150-c001-4bd3-a91a-ea0cf7c357ae" />
      <TestMethod codeBase="C:/Home/Developments/LeeProjects/UtSerials/Bank/BankTest/bin/Debug/BankTest.DLL" adapterTypeName="Microsoft.VisualStudio.TestTools.TestTypes.Unit.UnitTestAdapter, Microsoft.VisualStudio.QualityTools.Tips.UnitTest.Adapter, Version=10.0.0.0, Culture=neutral, PublicKeyToken=b03f5f7f11d50a3a" className="BankTest.BankAccountTest, BankTest, Version=1.0.0.0, Culture=neutral, PublicKeyToken=null" name="DebetTest" />
    </UnitTest>
    <UnitTest name="CreditTest" storage="c:\home\developments\leeprojects\utserials\bank\banktest\bin\debug\banktest.dll" id="7c9cd45a-1193-d9a1-4c4a-160ae67a3f71">
      <Execution id="e988646e-e8b2-4b64-8432-bd104dae0d16" />
      <TestMethod codeBase="C:/Home/Developments/LeeProjects/UtSerials/Bank/BankTest/bin/Debug/BankTest.DLL" adapterTypeName="Microsoft.VisualStudio.TestTools.TestTypes.Unit.UnitTestAdapter, Microsoft.VisualStudio.QualityTools.Tips.UnitTest.Adapter, Version=10.0.0.0, Culture=neutral, PublicKeyToken=b03f5f7f11d50a3a" className="BankTest.BankAccountTest, BankTest, Version=1.0.0.0, Culture=neutral, PublicKeyToken=null" name="CreditTest" />
    </UnitTest>
  </TestDefinitions>
  <TestLists>
    <TestList name="Results Not in a List" id="8c84fa94-04c1-424b-9868-57a2d4851a1d" />
    <TestList name="All Loaded Results" id="19431567-8539-422a-85d7-44ee4e166bda" />
  </TestLists>
  <TestEntries>
    <TestEntry testId="3c790b13-858f-d582-76f8-c7363a7ab695" executionId="a87fe150-c001-4bd3-a91a-ea0cf7c357ae" testListId="8c84fa94-04c1-424b-9868-57a2d4851a1d" />
    <TestEntry testId="7c9cd45a-1193-d9a1-4c4a-160ae67a3f71" executionId="e988646e-e8b2-4b64-8432-bd104dae0d16" testListId="8c84fa94-04c1-424b-9868-57a2d4851a1d" />
  </TestEntries>
  <Results>
    <UnitTestResult executionId="a87fe150-c001-4bd3-a91a-ea0cf7c357ae" testId="3c790b13-858f-d582-76f8-c7363a7ab695" testName="DebetTest" computerName="LIZHM" duration="00:00:00.0122593" startTime="2012-03-05T00:57:31.3652344+08:00" endTime="2012-03-05T00:57:31.5742188+08:00" testType="13cdc9d9-ddb5-4fa4-a97d-d965ccfc6d4b" outcome="Passed" testListId="8c84fa94-04c1-424b-9868-57a2d4851a1d" relativeResultsDirectory="a87fe150-c001-4bd3-a91a-ea0cf7c357ae">
    </UnitTestResult>
    <UnitTestResult executionId="e988646e-e8b2-4b64-8432-bd104dae0d16" testId="7c9cd45a-1193-d9a1-4c4a-160ae67a3f71" testName="CreditTest" computerName="LIZHM" duration="00:00:00.0003293" startTime="2012-03-05T00:57:31.5771484+08:00" endTime="2012-03-05T00:57:31.5800781+08:00" testType="13cdc9d9-ddb5-4fa4-a97d-d965ccfc6d4b" outcome="Passed" testListId="8c84fa94-04c1-424b-9868-57a2d4851a1d" relativeResultsDirectory="e988646e-e8b2-4b64-8432-bd104dae0d16">
    </UnitTestResult>
  </Results>
</TestRun>