<?xml version="1.0" encoding="UTF-8"?>
<TestRun id="81752daf-d2b2-4112-99f7-cc385bd74076" name="Leezhm@LIZHM 2012-03-05 01:09:49" runUser="LIZHM\Leezhm" xmlns="http://microsoft.com/schemas/VisualStudio/TeamTest/2010">
  <TestSettings name="Local" id="8a3dc7a8-d390-48f2-a266-a1ccc21c06f3">
    <Description>These are default test settings for a local test run.</Description>
    <Deployment enabled="false" runDeploymentRoot="Leezhm_LIZHM 2012-03-05 01_09_49">
      <DeploymentItem filename="C:\Home\Developments\LeeProjects\UtSerials\Bank\Bank\bin\Debug\Bank.dll" />
    </Deployment>
    <Execution>
      <TestTypeSpecific />
      <AgentRule name="Execution Agents">
        <DataCollectors>
          <DataCollector uri="datacollector://Microsoft/TestImpact/1.0" assemblyQualifiedName="Microsoft.VisualStudio.TraceCollector.TestImpactDataCollector, Microsoft.VisualStudio.TraceCollector, Version=10.0.0.0, Culture=neutral, PublicKeyToken=b03f5f7f11d50a3a">
          </DataCollector>
        </DataCollectors>
      </AgentRule>
    </Execution>
  </TestSettings>
  <Times creation="2012-03-05T01:09:49.1328125+08:00" queuing="2012-03-05T01:09:49.5175781+08:00" start="2012-03-05T01:09:57.7685547+08:00" finish="2012-03-05T01:11:06.2958984+08:00" />
  <ResultSummary outcome="Warning">
    <Counters total="1" executed="1" passed="1" error="0" failed="0" timeout="0" aborted="0" inconclusive="0" passedButRunAborted="0" notRunnable="0" notExecuted="0" disconnected="0" warning="0" completed="0" inProgress="0" pending="0" />
    <RunInfos>
      <RunInfo computerName="LIZHM" outcome="Warning" timestamp="2012-03-05T01:09:49.1689453+08:00">
        <Text>Deployment is currently disabled. The deployment item 'Bank.dll' on test 'BankTest.BankAccountTest.FreezeAccountTest' was not deployed.</Text>
      </RunInfo>
    </RunInfos>
  </ResultSummary>
  <TestDefinitions>
    <UnitTest name="FreezeAccountTest" storage="c:\home\developments\leeprojects\utserials\bank\banktest\bin\debug\banktest.dll" id="630222e1-aa0e-e9d3-a26d-0f68ad7914fe">
      <DeploymentItems>
        <DeploymentItem filename="Bank.dll" />
      </DeploymentItems>
      <Execution id="a2749e8f-b2ea-434a-8ae2-47bc3e95581f" />
      <TestMethod codeBase="C:/Home/Developments/LeeProjects/UtSerials/Bank/BankTest/bin/Debug/BankTest.DLL" adapterTypeName="Microsoft.VisualStudio.TestTools.TestTypes.Unit.UnitTestAdapter, Microsoft.VisualStudio.QualityTools.Tips.UnitTest.Adapter, Version=10.0.0.0, Culture=neutral, PublicKeyToken=b03f5f7f11d50a3a" className="BankTest.BankAccountTest, BankTest, Version=1.0.0.0, Culture=neutral, PublicKeyToken=null" name="FreezeAccountTest" />
    </UnitTest>
  </TestDefinitions>
  <TestLists>
    <TestList name="Results Not in a List" id="8c84fa94-04c1-424b-9868-57a2d4851a1d" />
    <TestList name="All Loaded Results" id="19431567-8539-422a-85d7-44ee4e166bda" />
  </TestLists>
  <TestEntries>
    <TestEntry testId="630222e1-aa0e-e9d3-a26d-0f68ad7914fe" executionId="a2749e8f-b2ea-434a-8ae2-47bc3e95581f" testListId="8c84fa94-04c1-424b-9868-57a2d4851a1d" />
  </TestEntries>
  <Results>
    <UnitTestResult executionId="a2749e8f-b2ea-434a-8ae2-47bc3e95581f" testId="630222e1-aa0e-e9d3-a26d-0f68ad7914fe" testName="FreezeAccountTest" computerName="LIZHM" duration="00:01:01.1531671" startTime="2012-03-05T01:09:58.1640625+08:00" endTime="2012-03-05T01:11:01.4277344+08:00" testType="13cdc9d9-ddb5-4fa4-a97d-d965ccfc6d4b" outcome="Passed" testListId="8c84fa94-04c1-424b-9868-57a2d4851a1d" relativeResultsDirectory="a2749e8f-b2ea-434a-8ae2-47bc3e95581f">
      <DataCollectorMessages>
        <DataCollectorMessage timestamp="2012-03-05T01:11:01.4228516+08:00" dataCollectorUri="datacollector://microsoft/TestImpact/1.0" dataCollectorFriendlyName="Test Impact" agentName="LIZHM" level="Warning">
          <Text>No Microsoft .NET applications were launched during the test run. Launch applications from Explorer or a new command prompt after a test case has started. If no .NET application is being tested, disable the Test Impact and IntelliTrace diagnostic data adapters.</Text>
        </DataCollectorMessage>
      </DataCollectorMessages>
    </UnitTestResult>
  </Results>
</TestRun>